127.0.0.1 - - [02/Apr/2022:09:38:25 -0300] "GET / HTTP/1.1" 404 764
0:0:0:0:0:0:0:1 - - [02/Apr/2022:09:38:51 -0300] "GET / HTTP/1.1" 404 764
0:0:0:0:0:0:0:1 - - [02/Apr/2022:09:38:51 -0300] "GET /favicon.ico HTTP/1.1" 404 775
127.0.0.1 - - [02/Apr/2022:09:47:26 -0300] "GET / HTTP/1.1" 404 764
0:0:0:0:0:0:0:1 - - [02/Apr/2022:09:47:42 -0300] "GET /tw-agenda-servlet/hello HTTP/1.1" 404 791
127.0.0.1 - - [02/Apr/2022:09:50:27 -0300] "GET / HTTP/1.1" 404 764
0:0:0:0:0:0:0:1 - - [02/Apr/2022:09:50:35 -0300] "GET /tw-agenda-servlet/hello HTTP/1.1" 404 791
0:0:0:0:0:0:0:1 - - [02/Apr/2022:09:52:02 -0300] "GET /tw-agenda-servlets/hello HTTP/1.1" 200 108
127.0.0.1 - - [02/Apr/2022:11:25:41 -0300] "GET / HTTP/1.1" 404 764
0:0:0:0:0:0:0:1 - - [02/Apr/2022:11:28:32 -0300] "GET /tw-agenda-servlets/mensagem HTTP/1.1" 404 795
127.0.0.1 - - [02/Apr/2022:11:32:18 -0300] "GET / HTTP/1.1" 404 764
0:0:0:0:0:0:0:1 - - [02/Apr/2022:11:32:38 -0300] "GET /tw-agenda-servlets/mensagem HTTP/1.1" 404 795
0:0:0:0:0:0:0:1 - - [02/Apr/2022:11:32:43 -0300] "GET /tw-agenda-servlets/mensagem HTTP/1.1" 404 795
127.0.0.1 - - [02/Apr/2022:11:36:10 -0300] "GET / HTTP/1.1" 404 764
0:0:0:0:0:0:0:1 - - [02/Apr/2022:11:36:10 -0300] "GET /tw-agenda-servlets/mensagem HTTP/1.1" 404 789
0:0:0:0:0:0:0:1 - - [02/Apr/2022:11:36:57 -0300] "GET /tw-agenda-servlets/mensagem HTTP/1.1" 200 502
0:0:0:0:0:0:0:1 - - [02/Apr/2022:11:37:03 -0300] "POST /tw-agenda-mensagem/mensagem HTTP/1.1" 404 795
127.0.0.1 - - [02/Apr/2022:11:40:09 -0300] "GET / HTTP/1.1" 404 764
0:0:0:0:0:0:0:1 - - [02/Apr/2022:11:40:21 -0300] "GET /tw-agenda-servlets/mensagem HTTP/1.1" 200 502
0:0:0:0:0:0:0:1 - - [02/Apr/2022:11:40:26 -0300] "POST /tw-agenda-servlets/mensagem HTTP/1.1" 500 7636
127.0.0.1 - - [02/Apr/2022:11:45:55 -0300] "GET / HTTP/1.1" 404 764
0:0:0:0:0:0:0:1 - - [02/Apr/2022:11:46:00 -0300] "GET /tw-agenda-servlets/mensagem HTTP/1.1" 500 7633
0:0:0:0:0:0:0:1 - - [02/Apr/2022:11:46:29 -0300] "GET /tw-agenda-servlets/mensagem HTTP/1.1" 500 7633
127.0.0.1 - - [02/Apr/2022:11:47:43 -0300] "GET / HTTP/1.1" 404 764
0:0:0:0:0:0:0:1 - - [02/Apr/2022:11:47:53 -0300] "GET /tw-agenda-servlets/mensagem HTTP/1.1" 200 500
0:0:0:0:0:0:0:1 - - [02/Apr/2022:11:48:01 -0300] "POST /tw-agenda-servlets/mensagem HTTP/1.1" 500 7636
127.0.0.1 - - [02/Apr/2022:11:50:07 -0300] "GET / HTTP/1.1" 404 764
0:0:0:0:0:0:0:1 - - [02/Apr/2022:11:50:15 -0300] "GET /tw-agenda-servlets/mensagem HTTP/1.1" 200 500
127.0.0.1 - - [02/Apr/2022:12:45:10 -0300] "GET / HTTP/1.1" 404 764
0:0:0:0:0:0:0:1 - - [02/Apr/2022:12:46:19 -0300] "GET /tw-agenda-servlets/listar HTTP/1.1" 404 793
0:0:0:0:0:0:0:1 - - [02/Apr/2022:12:47:10 -0300] "GET /tw-agenda-servlets/agenda/listar HTTP/1.1" 500 7684
127.0.0.1 - - [02/Apr/2022:13:02:37 -0300] "GET / HTTP/1.1" 404 764
0:0:0:0:0:0:0:1 - - [02/Apr/2022:13:02:53 -0300] "GET /tw-agenda-servlets/agenda/listar HTTP/1.1" 500 3073
0:0:0:0:0:0:0:1 - - [02/Apr/2022:13:03:00 -0300] "GET /tw-agenda-servlets/agenda/listar HTTP/1.1" 500 3073
127.0.0.1 - - [02/Apr/2022:13:06:46 -0300] "GET / HTTP/1.1" 404 764
0:0:0:0:0:0:0:1 - - [02/Apr/2022:13:06:56 -0300] "GET /tw-agenda-servlets/agenda/listar HTTP/1.1" 500 5936
127.0.0.1 - - [02/Apr/2022:13:11:44 -0300] "GET / HTTP/1.1" 404 764
0:0:0:0:0:0:0:1 - - [02/Apr/2022:13:11:59 -0300] "GET /tw-agenda-servlets/agenda/listar HTTP/1.1" 200 1198
127.0.0.1 - - [02/Apr/2022:16:03:30 -0300] "GET / HTTP/1.1" 404 764
0:0:0:0:0:0:0:1 - - [02/Apr/2022:16:03:48 -0300] "GET /tw-agenda-servlets/agenda/listar HTTP/1.1" 200 1338
0:0:0:0:0:0:0:1 - - [02/Apr/2022:16:03:50 -0300] "GET /tw-agenda-servlets/agenda/listar HTTP/1.1" 200 1338
0:0:0:0:0:0:0:1 - - [02/Apr/2022:16:03:53 -0300] "GET /tw-agenda-servlets/agenda/listar HTTP/1.1" 200 1338
127.0.0.1 - - [02/Apr/2022:16:04:58 -0300] "GET / HTTP/1.1" 404 764
0:0:0:0:0:0:0:1 - - [02/Apr/2022:16:04:58 -0300] "GET /tw-agenda-servlets/agenda/editar?id=1 HTTP/1.1" 404 804
127.0.0.1 - - [02/Apr/2022:16:27:44 -0300] "GET / HTTP/1.1" 404 764
0:0:0:0:0:0:0:1 - - [02/Apr/2022:16:27:52 -0300] "GET /tw-agenda-servlets/agenda/editar?id=1 HTTP/1.1" 404 804
0:0:0:0:0:0:0:1 - - [02/Apr/2022:16:28:01 -0300] "GET /tw-agenda-servlets/agenda/inserir HTTP/1.1" 404 805
0:0:0:0:0:0:0:1 - - [02/Apr/2022:16:28:22 -0300] "GET /tw-agenda-servlets/agenda/incluir HTTP/1.1" 200 601
0:0:0:0:0:0:0:1 - - [02/Apr/2022:16:28:37 -0300] "POST /tw-agenda-servlets/agenda/incluir HTTP/1.1" 405 753
127.0.0.1 - - [02/Apr/2022:16:33:26 -0300] "GET / HTTP/1.1" 404 764
0:0:0:0:0:0:0:1 - - [02/Apr/2022:16:33:32 -0300] "GET /tw-agenda-servlets/agenda/incluir HTTP/1.1" 200 601
0:0:0:0:0:0:0:1 - - [02/Apr/2022:16:33:47 -0300] "POST /tw-agenda-servlets/agenda/incluir HTTP/1.1" 302 -
0:0:0:0:0:0:0:1 - - [02/Apr/2022:16:33:48 -0300] "GET /tw-agenda-servlets/agenda/listar HTTP/1.1" 200 1841
127.0.0.1 - - [02/Apr/2022:16:41:33 -0300] "GET / HTTP/1.1" 404 764
0:0:0:0:0:0:0:1 - - [02/Apr/2022:16:41:41 -0300] "GET /tw-agenda-servlets/agenda/listar HTTP/1.1" 200 1841
0:0:0:0:0:0:0:1 - - [02/Apr/2022:16:41:44 -0300] "GET /tw-agenda-servlets/agenda/incluir HTTP/1.1" 200 601
0:0:0:0:0:0:0:1 - - [02/Apr/2022:16:41:56 -0300] "POST /tw-agenda-servlets/agenda/incluir HTTP/1.1" 302 -
0:0:0:0:0:0:0:1 - - [02/Apr/2022:16:41:56 -0300] "GET /tw-agenda-servlets/agenda/listar HTTP/1.1" 200 2089
127.0.0.1 - - [02/Apr/2022:17:22:32 -0300] "GET / HTTP/1.1" 404 764
0:0:0:0:0:0:0:1 - - [02/Apr/2022:17:22:43 -0300] "GET /tw-agenda-servlets/agenda/listar HTTP/1.1" 200 2089
0:0:0:0:0:0:0:1 - - [02/Apr/2022:17:22:52 -0300] "GET /tw-agenda-servlets/agenda/editar?id=6 HTTP/1.1" 200 690
0:0:0:0:0:0:0:1 - - [02/Apr/2022:17:22:58 -0300] "POST /tw-agenda-servlets/agenda/editar HTTP/1.1" 302 -
0:0:0:0:0:0:0:1 - - [02/Apr/2022:17:22:58 -0300] "GET /tw-agenda-servlets/agenda/listar HTTP/1.1" 200 2089
127.0.0.1 - - [02/Apr/2022:17:30:18 -0300] "GET / HTTP/1.1" 404 764
0:0:0:0:0:0:0:1 - - [02/Apr/2022:17:30:30 -0300] "GET /tw-agenda-servlets/agenda/listar HTTP/1.1" 200 2089
0:0:0:0:0:0:0:1 - - [02/Apr/2022:17:30:35 -0300] "GET /tw-agenda-servlets/agenda/excluir?id=1 HTTP/1.1" 302 -
0:0:0:0:0:0:0:1 - - [02/Apr/2022:17:30:35 -0300] "GET /tw-agenda-servlets/agenda/listar HTTP/1.1" 200 1842
0:0:0:0:0:0:0:1 - - [02/Apr/2022:17:30:38 -0300] "GET /tw-agenda-servlets/agenda/excluir?id=6 HTTP/1.1" 302 -
0:0:0:0:0:0:0:1 - - [02/Apr/2022:17:30:38 -0300] "GET /tw-agenda-servlets/agenda/listar HTTP/1.1" 200 1594
0:0:0:0:0:0:0:1 - - [02/Apr/2022:17:30:41 -0300] "GET /tw-agenda-servlets/agenda/incluir HTTP/1.1" 200 601
0:0:0:0:0:0:0:1 - - [02/Apr/2022:17:30:54 -0300] "POST /tw-agenda-servlets/agenda/incluir HTTP/1.1" 302 -
0:0:0:0:0:0:0:1 - - [02/Apr/2022:17:30:54 -0300] "GET /tw-agenda-servlets/agenda/listar HTTP/1.1" 200 1843
0:0:0:0:0:0:0:1 - - [02/Apr/2022:17:30:58 -0300] "GET /tw-agenda-servlets/agenda/editar?id=7 HTTP/1.1" 200 692
0:0:0:0:0:0:0:1 - - [02/Apr/2022:17:31:06 -0300] "POST /tw-agenda-servlets/agenda/editar HTTP/1.1" 302 -
0:0:0:0:0:0:0:1 - - [02/Apr/2022:17:31:06 -0300] "GET /tw-agenda-servlets/agenda/listar HTTP/1.1" 200 1843
127.0.0.1 - - [02/Apr/2022:17:33:24 -0300] "GET / HTTP/1.1" 404 764
